// Jest Snapshot v1, https://goo.gl/fbAQLP

exports[`Header renders 1`] = `
<div>
  <header
    data-theme="main"
  >
    <div
      class="p-menubar p-component bg-primary text-base-content rounded-none border-primary flex flex-row justify-between"
    >
      <ul
        class="p-menubar-root-list"
        role="menubar"
      />
    </div>
  </header>
</div>
`;

exports[`Header renders with props 1`] = `
<div>
  <header
    data-theme="main"
  >
    <div
      class="p-menubar p-component bg-primary text-base-content rounded-none border-primary flex flex-row justify-between"
    >
      <div
        class="p-menubar-start"
      >
        <div>
          start
        </div>
      </div>
      <a
        class="p-menubar-button"
        href="#"
        role="button"
        tabindex="0"
      >
        <i
          class="pi pi-bars"
        />
      </a>
      <ul
        class="p-menubar-root-list"
        role="menubar"
      >
        <li
          class="p-menuitem"
          role="none"
        >
          <a
            aria-haspopup="true"
            class="p-menuitem-link"
            href="#"
            role="menuitem"
          >
            <span
              class="p-menuitem-icon pi pi-fw pi-file"
            />
            <span
              class="p-menuitem-text"
            >
              File
            </span>
            <span
              class="p-submenu-icon pi pi-angle-down"
            />
          </a>
          <ul
            class="p-submenu-list"
            role="menu"
          >
            <li
              class="p-menuitem"
              role="none"
            >
              <a
                aria-haspopup="true"
                class="p-menuitem-link"
                href="#"
                role="menuitem"
              >
                <span
                  class="p-menuitem-icon pi pi-fw pi-plus"
                />
                <span
                  class="p-menuitem-text"
                >
                  New
                </span>
                <span
                  class="p-submenu-icon pi pi-angle-right"
                />
              </a>
              <ul
                class="p-submenu-list"
                role="menu"
              >
                <li
                  class="p-menuitem"
                  role="none"
                >
                  <a
                    aria-haspopup="false"
                    class="p-menuitem-link"
                    href="#"
                    role="menuitem"
                  >
                    <span
                      class="p-menuitem-icon pi pi-fw pi-bookmark"
                    />
                    <span
                      class="p-menuitem-text"
                    >
                      Bookmark
                    </span>
                  </a>
                </li>
                <li
                  class="p-menuitem"
                  role="none"
                >
                  <a
                    aria-haspopup="false"
                    class="p-menuitem-link"
                    href="#"
                    role="menuitem"
                  >
                    <span
                      class="p-menuitem-icon pi pi-fw pi-video"
                    />
                    <span
                      class="p-menuitem-text"
                    >
                      Video
                    </span>
                  </a>
                </li>
              </ul>
            </li>
            <li
              class="p-menuitem"
              role="none"
            >
              <a
                aria-haspopup="false"
                class="p-menuitem-link"
                href="#"
                role="menuitem"
              >
                <span
                  class="p-menuitem-icon pi pi-fw pi-trash"
                />
                <span
                  class="p-menuitem-text"
                >
                  Delete
                </span>
              </a>
            </li>
            <li
              class="p-menu-separator"
              role="separator"
            />
            <li
              class="p-menuitem"
              role="none"
            >
              <a
                aria-haspopup="false"
                class="p-menuitem-link"
                href="#"
                role="menuitem"
              >
                <span
                  class="p-menuitem-icon pi pi-fw pi-external-link"
                />
                <span
                  class="p-menuitem-text"
                >
                  Export
                </span>
              </a>
            </li>
          </ul>
        </li>
        <li
          class="p-menuitem"
          role="none"
        >
          <a
            aria-haspopup="true"
            class="p-menuitem-link"
            href="#"
            role="menuitem"
          >
            <span
              class="p-menuitem-icon pi pi-fw pi-pencil"
            />
            <span
              class="p-menuitem-text"
            >
              Edit
            </span>
            <span
              class="p-submenu-icon pi pi-angle-down"
            />
          </a>
          <ul
            class="p-submenu-list"
            role="menu"
          >
            <li
              class="p-menuitem"
              role="none"
            >
              <a
                aria-haspopup="false"
                class="p-menuitem-link"
                href="#"
                role="menuitem"
              >
                <span
                  class="p-menuitem-icon pi pi-fw pi-align-left"
                />
                <span
                  class="p-menuitem-text"
                >
                  Left
                </span>
              </a>
            </li>
            <li
              class="p-menuitem"
              role="none"
            >
              <a
                aria-haspopup="false"
                class="p-menuitem-link"
                href="#"
                role="menuitem"
              >
                <span
                  class="p-menuitem-icon pi pi-fw pi-align-right"
                />
                <span
                  class="p-menuitem-text"
                >
                  Right
                </span>
              </a>
            </li>
            <li
              class="p-menuitem"
              role="none"
            >
              <a
                aria-haspopup="false"
                class="p-menuitem-link"
                href="#"
                role="menuitem"
              >
                <span
                  class="p-menuitem-icon pi pi-fw pi-align-center"
                />
                <span
                  class="p-menuitem-text"
                >
                  Center
                </span>
              </a>
            </li>
            <li
              class="p-menuitem"
              role="none"
            >
              <a
                aria-haspopup="false"
                class="p-menuitem-link"
                href="#"
                role="menuitem"
              >
                <span
                  class="p-menuitem-icon pi pi-fw pi-align-justify"
                />
                <span
                  class="p-menuitem-text"
                >
                  Justify
                </span>
              </a>
            </li>
          </ul>
        </li>
        <li
          class="p-menuitem"
          role="none"
        >
          <a
            aria-haspopup="true"
            class="p-menuitem-link"
            href="#"
            role="menuitem"
          >
            <span
              class="p-menuitem-icon pi pi-fw pi-user"
            />
            <span
              class="p-menuitem-text"
            >
              Users
            </span>
            <span
              class="p-submenu-icon pi pi-angle-down"
            />
          </a>
          <ul
            class="p-submenu-list"
            role="menu"
          >
            <li
              class="p-menuitem"
              role="none"
            >
              <a
                aria-haspopup="false"
                class="p-menuitem-link"
                href="#"
                role="menuitem"
              >
                <span
                  class="p-menuitem-icon pi pi-fw pi-user-plus"
                />
                <span
                  class="p-menuitem-text"
                >
                  New
                </span>
              </a>
            </li>
            <li
              class="p-menuitem"
              role="none"
            >
              <a
                aria-haspopup="false"
                class="p-menuitem-link"
                href="#"
                role="menuitem"
              >
                <span
                  class="p-menuitem-icon pi pi-fw pi-user-minus"
                />
                <span
                  class="p-menuitem-text"
                >
                  Delete
                </span>
              </a>
            </li>
            <li
              class="p-menuitem"
              role="none"
            >
              <a
                aria-haspopup="true"
                class="p-menuitem-link"
                href="#"
                role="menuitem"
              >
                <span
                  class="p-menuitem-icon pi pi-fw pi-users"
                />
                <span
                  class="p-menuitem-text"
                >
                  Search
                </span>
                <span
                  class="p-submenu-icon pi pi-angle-right"
                />
              </a>
              <ul
                class="p-submenu-list"
                role="menu"
              >
                <li
                  class="p-menuitem"
                  role="none"
                >
                  <a
                    aria-haspopup="true"
                    class="p-menuitem-link"
                    href="#"
                    role="menuitem"
                  >
                    <span
                      class="p-menuitem-icon pi pi-fw pi-filter"
                    />
                    <span
                      class="p-menuitem-text"
                    >
                      Filter
                    </span>
                    <span
                      class="p-submenu-icon pi pi-angle-right"
                    />
                  </a>
                  <ul
                    class="p-submenu-list"
                    role="menu"
                  >
                    <li
                      class="p-menuitem"
                      role="none"
                    >
                      <a
                        aria-haspopup="false"
                        class="p-menuitem-link"
                        href="#"
                        role="menuitem"
                      >
                        <span
                          class="p-menuitem-icon pi pi-fw pi-print"
                        />
                        <span
                          class="p-menuitem-text"
                        >
                          Print
                        </span>
                      </a>
                    </li>
                  </ul>
                </li>
              </ul>
            </li>
          </ul>
        </li>
        <li
          class="p-menuitem"
          role="none"
        >
          <a
            aria-haspopup="true"
            class="p-menuitem-link"
            href="#"
            role="menuitem"
          >
            <span
              class="p-menuitem-icon pi pi-fw pi-calendar"
            />
            <span
              class="p-menuitem-text"
            >
              Events
            </span>
            <span
              class="p-submenu-icon pi pi-angle-down"
            />
          </a>
          <ul
            class="p-submenu-list"
            role="menu"
          >
            <li
              class="p-menuitem"
              role="none"
            >
              <a
                aria-haspopup="true"
                class="p-menuitem-link"
                href="#"
                role="menuitem"
              >
                <span
                  class="p-menuitem-icon pi pi-fw pi-pencil"
                />
                <span
                  class="p-menuitem-text"
                >
                  Edit
                </span>
                <span
                  class="p-submenu-icon pi pi-angle-right"
                />
              </a>
              <ul
                class="p-submenu-list"
                role="menu"
              >
                <li
                  class="p-menuitem"
                  role="none"
                >
                  <a
                    aria-haspopup="false"
                    class="p-menuitem-link"
                    href="#"
                    role="menuitem"
                  >
                    <span
                      class="p-menuitem-icon pi pi-fw pi-calendar-plus"
                    />
                    <span
                      class="p-menuitem-text"
                    >
                      Save
                    </span>
                  </a>
                </li>
              </ul>
            </li>
            <li
              class="p-menuitem"
              role="none"
            >
              <a
                aria-haspopup="false"
                class="p-menuitem-link"
                href="#"
                role="menuitem"
              >
                <span
                  class="p-menuitem-icon pi pi-fw pi-calendar-minus"
                />
                <span
                  class="p-menuitem-text"
                >
                  Archieve
                </span>
              </a>
            </li>
          </ul>
        </li>
      </ul>
      <div
        class="p-menubar-end"
      >
        <div>
          end
        </div>
      </div>
    </div>
  </header>
</div>
`;
