// Jest Snapshot v1, https://goo.gl/fbAQLP

exports[`PasswordInput renders correctly with default props 1`] = `
<div>
  <div
    class="form-control w-full bg-transparent"
    data-theme="main"
  >
    <label
      class=" label"
      for="password"
    >
      <p>
         
        <span
          class="text-secondary"
        />
      </p>
    </label>
    <div>
      <div
        class="p-password p-component p-inputwrapper p-input-icon-right undefined p-invalid undefined "
        id="password"
      >
        <input
          aria-describedby="password-help"
          class="p-inputtext p-component p-password-input"
          theme="main"
          type="password"
          value=""
        />
        <i
          class="pi pi-eye"
        />
      </div>
    </div>
  </div>
</div>
`;
